2025-07-23T15:29:21.448Z | UNHANDLED: product.created
2025-07-23T15:29:21.464Z | UNHANDLED: product.created
2025-07-23T15:29:21.950Z | UNHANDLED: price.created
2025-07-23T15:29:21.953Z | UNHANDLED: price.created
2025-07-23T15:29:25.207Z | UNHANDLED: charge.succeeded
2025-07-23T15:29:25.210Z | UNHANDLED: charge.succeeded
2025-07-23T15:29:25.412Z | UNHANDLED: payment_intent.succeeded
2025-07-23T15:29:25.414Z | UNHANDLED: payment_intent.succeeded
2025-07-23T15:29:25.416Z | UNHANDLED: payment_intent.created
2025-07-23T15:29:25.422Z | UNHANDLED: payment_intent.created
2025-07-23T15:29:26.978Z | SUCCESS: cs_test_a1DTkADdudIRzMWGvtmcetQ70xSLSyBKbEd8tXlGOxIMXnmXvC9vAe54rV null
2025-07-23T15:29:27.153Z | SUCCESS: cs_test_a1DTkADdudIRzMWGvtmcetQ70xSLSyBKbEd8tXlGOxIMXnmXvC9vAe54rV null
2025-07-23T15:29:27.631Z | UNHANDLED: charge.updated
2025-07-23T15:29:27.633Z | UNHANDLED: charge.updated
2025-07-23T22:07:22.717Z | UNHANDLED: product.created
2025-07-23T22:07:23.129Z | UNHANDLED: price.created
2025-07-23T22:07:25.974Z | UNHANDLED: charge.succeeded
2025-07-23T22:07:26.090Z | UNHANDLED: payment_intent.succeeded
2025-07-23T22:07:26.213Z | UNHANDLED: payment_intent.created
2025-07-23T22:07:28.110Z | SUCCESS: cs_test_a1l3zvoFH62Rdc8boJHfICNZg6XTXV6YeHIuWKGza42WlCuvBdhjLeOrat null
2025-07-23T22:07:28.487Z | UNHANDLED: charge.updated
2025-07-23T22:17:23.240Z | UNHANDLED: product.created
2025-07-23T22:17:23.629Z | UNHANDLED: price.created
2025-07-23T22:17:26.401Z | UNHANDLED: charge.succeeded
2025-07-23T22:17:26.466Z | UNHANDLED: payment_intent.succeeded
2025-07-23T22:17:26.563Z | UNHANDLED: payment_intent.created
2025-07-23T22:17:27.856Z | SUCCESS: cs_test_a1lebfP9wQfOkyNZwd3GpcnyCketUPIV4iF66a7miFkW0YgnUOcxUuxy0p null
2025-07-23T22:17:28.912Z | UNHANDLED: charge.updated
2025-07-23T22:22:42.396Z | UNHANDLED: product.created
2025-07-23T22:22:42.735Z | UNHANDLED: price.created
2025-07-23T22:22:46.225Z | UNHANDLED: charge.succeeded
2025-07-23T22:22:46.232Z | UNHANDLED: payment_intent.succeeded
2025-07-23T22:22:46.328Z | UNHANDLED: payment_intent.created
2025-07-23T22:22:47.665Z | SUCCESS: cs_test_a1NaJolaVImCyQJhCVuSkUZU1bGlXBBJkJzHFZpBAB3GxwIpOc5UH7ItnL null
2025-07-23T22:22:48.574Z | UNHANDLED: charge.updated
2025-07-24T04:14:15.248Z | UNHANDLED: product.created
2025-07-24T04:14:15.589Z | UNHANDLED: price.created
2025-07-24T04:14:18.199Z | UNHANDLED: charge.succeeded
2025-07-24T04:14:18.259Z | UNHANDLED: payment_intent.succeeded
2025-07-24T04:14:18.349Z | UNHANDLED: payment_intent.created
2025-07-24T04:14:19.895Z | SUCCESS: cs_test_a13xzlmA43Nj6GmB6g8KgpZ40vLi8kO7aiJzNEp1sEdIQHUDt2AxX24pBs null
2025-07-24T04:14:20.660Z | UNHANDLED: charge.updated
2025-07-24T04:22:44.681Z | UNHANDLED: product.created
2025-07-24T04:22:44.989Z | UNHANDLED: price.created
2025-07-24T04:22:47.707Z | UNHANDLED: charge.succeeded
2025-07-24T04:22:47.765Z | UNHANDLED: payment_intent.succeeded
2025-07-24T04:22:47.897Z | UNHANDLED: payment_intent.created
2025-07-24T04:30:34.610Z | UNHANDLED: product.created
2025-07-24T04:30:34.823Z | UNHANDLED: price.created
2025-07-24T04:30:38.313Z | UNHANDLED: charge.succeeded
2025-07-24T04:30:38.363Z | UNHANDLED: payment_intent.succeeded
2025-07-24T04:30:38.470Z | UNHANDLED: payment_intent.created
2025-07-24T04:30:40.148Z | SUCCESS: cs_test_a1CPbXYojPggrI5zIi5lCApFCG3ZbU0yO4tHodq2rPGd1YuXDH1ncnuOCN null
2025-07-24T04:30:40.531Z | UNHANDLED: charge.updated
2025-07-24T05:13:28.055Z | UNHANDLED: product.created
2025-07-24T05:13:29.696Z | UNHANDLED: price.created
2025-07-24T05:13:31.279Z | UNHANDLED: charge.succeeded
2025-07-24T05:13:31.453Z | UNHANDLED: payment_intent.succeeded
2025-07-24T05:13:31.479Z | UNHANDLED: payment_intent.created
2025-07-24T05:13:32.911Z | SUCCESS: cs_test_a1urTgbdybD52pzHJqUo8eG5TvkKpkB9vW34E0FDkWIAe8rQeQftZi8Jlv null
2025-07-24T05:13:33.780Z | UNHANDLED: charge.updated
2025-07-24T05:17:01.531Z | UNHANDLED: product.created
2025-07-24T05:17:01.700Z | UNHANDLED: price.created
2025-07-24T05:17:04.335Z | UNHANDLED: charge.succeeded
2025-07-24T05:17:04.386Z | UNHANDLED: payment_intent.succeeded
2025-07-24T05:17:04.443Z | UNHANDLED: payment_intent.created
2025-07-24T05:19:12.844Z | UNHANDLED: product.created
2025-07-24T05:19:13.219Z | UNHANDLED: price.created
2025-07-24T05:19:15.886Z | UNHANDLED: payment_intent.succeeded
2025-07-24T05:19:15.932Z | UNHANDLED: charge.succeeded
2025-07-24T05:23:54.885Z | UNHANDLED: product.created
2025-07-24T05:23:55.261Z | UNHANDLED: price.created
2025-07-24T05:23:57.826Z | UNHANDLED: charge.succeeded
2025-07-24T05:23:57.913Z | UNHANDLED: payment_intent.succeeded
2025-07-24T05:23:58.000Z | UNHANDLED: payment_intent.created
2025-07-24T05:23:59.855Z | SUCCESS: cs_test_a1pZ67g13eznbEZO2ZNR2tV5iQ47srF3n3SfWc7tMjE2jtzNmyG4Npz8QW null
2025-07-24T05:24:00.254Z | UNHANDLED: charge.updated
2025-07-24T05:35:24.257Z | UNHANDLED: product.created
2025-07-24T05:35:24.642Z | UNHANDLED: price.created
2025-07-24T05:35:28.489Z | UNHANDLED: charge.succeeded
2025-07-24T05:35:28.667Z | UNHANDLED: payment_intent.succeeded
2025-07-24T05:35:28.697Z | UNHANDLED: payment_intent.created
2025-07-24T05:35:30.646Z | UNHANDLED: charge.updated
2025-07-24T05:35:30.847Z | SUCCESS: cs_test_a1UkLnPcvEYasVvhxOWeZyQVkkIH7KUHVAnYEZPWDpmZcCYsV7A37xHxfy null
